../Drivers/CMSIS/Include/core_cm4.h:1933:34:__NVIC_SystemReset	4	static,ignoring_inline_asm
../LoRaWAN/App/lora_app.c:302:6:LoRaWAN_Init	16	static
../LoRaWAN/App/lora_app.c:384:13:OnRxData	24	static
../LoRaWAN/App/lora_app.c:418:13:SendTxData	24	static
../LoRaWAN/App/lora_app.c:447:13:OnTxTimerEvent	16	static
../LoRaWAN/App/lora_app.c:465:13:OnTxData	16	static
../LoRaWAN/App/lora_app.c:471:13:OnJoinRequest	16	static
../LoRaWAN/App/lora_app.c:477:13:OnBeaconStatusChange	16	static
../LoRaWAN/App/lora_app.c:483:13:OnSysTimeUpdate	4	static
../LoRaWAN/App/lora_app.c:490:13:OnClassChange	16	static
../LoRaWAN/App/lora_app.c:496:13:OnMacProcessNotify	8	static
../LoRaWAN/App/lora_app.c:508:13:OnTxPeriodicityChanged	16	static
../LoRaWAN/App/lora_app.c:530:13:OnTxFrameCtrlChanged	16	static
../LoRaWAN/App/lora_app.c:541:13:OnPingSlotPeriodicityChanged	16	static
../LoRaWAN/App/lora_app.c:552:13:OnSystemReset	8	static
../LoRaWAN/App/lora_app.c:566:13:StopJoin	8	static
../LoRaWAN/App/lora_app.c:601:13:OnStopJoinTimerEvent	16	static
../LoRaWAN/App/lora_app.c:615:13:StoreContext	16	static
../LoRaWAN/App/lora_app.c:637:13:OnNvmDataChange	16	static
../LoRaWAN/App/lora_app.c:655:13:OnStoreContextRequest	16	static
../LoRaWAN/App/lora_app.c:670:13:OnRestoreContextRequest	16	static
