../Drivers/CMSIS/Include/core_cm4.h:1933:34:__NVIC_SystemReset	4	static,ignoring_inline_asm
../LoRaWAN/App/lora_app.c:303:6:LoRaWAN_Init	16	static
../LoRaWAN/App/lora_app.c:385:13:OnRxData	24	static
../LoRaWAN/App/lora_app.c:419:13:SendTxData	56	static
../LoRaWAN/App/lora_app.c:486:13:OnTxTimerEvent	16	static
../LoRaWAN/App/lora_app.c:504:13:OnTxData	16	static
../LoRaWAN/App/lora_app.c:510:13:OnJoinRequest	16	static
../LoRaWAN/App/lora_app.c:516:13:OnBeaconStatusChange	16	static
../LoRaWAN/App/lora_app.c:522:13:OnSysTimeUpdate	4	static
../LoRaWAN/App/lora_app.c:529:13:OnClassChange	16	static
../LoRaWAN/App/lora_app.c:535:13:OnMacProcessNotify	8	static
../LoRaWAN/App/lora_app.c:547:13:OnTxPeriodicityChanged	16	static
../LoRaWAN/App/lora_app.c:569:13:OnTxFrameCtrlChanged	16	static
../LoRaWAN/App/lora_app.c:580:13:OnPingSlotPeriodicityChanged	16	static
../LoRaWAN/App/lora_app.c:591:13:OnSystemReset	8	static
../LoRaWAN/App/lora_app.c:605:13:StopJoin	8	static
../LoRaWAN/App/lora_app.c:640:13:OnStopJoinTimerEvent	16	static
../LoRaWAN/App/lora_app.c:654:13:StoreContext	16	static
../LoRaWAN/App/lora_app.c:676:13:OnNvmDataChange	16	static
../LoRaWAN/App/lora_app.c:694:13:OnStoreContextRequest	16	static
../LoRaWAN/App/lora_app.c:709:13:OnRestoreContextRequest	16	static
