../Drivers/CMSIS/Include/core_cm4.h:1933:34:__NVIC_SystemReset	4	static,ignoring_inline_asm
../LoRaWAN/App/lora_app.c:301:6:LoRaWAN_Init	16	static
../LoRaWAN/App/lora_app.c:383:13:OnRxData	16	static
../LoRaWAN/App/lora_app.c:390:13:SendTxData	4	static
../LoRaWAN/App/lora_app.c:397:13:OnTxTimerEvent	16	static
../LoRaWAN/App/lora_app.c:415:13:OnTxData	16	static
../LoRaWAN/App/lora_app.c:421:13:OnJoinRequest	16	static
../LoRaWAN/App/lora_app.c:427:13:OnBeaconStatusChange	16	static
../LoRaWAN/App/lora_app.c:433:13:OnSysTimeUpdate	4	static
../LoRaWAN/App/lora_app.c:440:13:OnClassChange	16	static
../LoRaWAN/App/lora_app.c:446:13:OnMacProcessNotify	8	static
../LoRaWAN/App/lora_app.c:458:13:OnTxPeriodicityChanged	16	static
../LoRaWAN/App/lora_app.c:480:13:OnTxFrameCtrlChanged	16	static
../LoRaWAN/App/lora_app.c:491:13:OnPingSlotPeriodicityChanged	16	static
../LoRaWAN/App/lora_app.c:502:13:OnSystemReset	8	static
../LoRaWAN/App/lora_app.c:516:13:StopJoin	8	static
../LoRaWAN/App/lora_app.c:551:13:OnStopJoinTimerEvent	16	static
../LoRaWAN/App/lora_app.c:565:13:StoreContext	16	static
../LoRaWAN/App/lora_app.c:587:13:OnNvmDataChange	16	static
../LoRaWAN/App/lora_app.c:605:13:OnStoreContextRequest	16	static
../LoRaWAN/App/lora_app.c:620:13:OnRestoreContextRequest	16	static
